C51 COMPILER V9.54   KEY                                                                   02/23/2026 13:04:39 PAGE 1   


C51 COMPILER V9.54, COMPILATION OF MODULE KEY
OBJECT MODULE PLACED IN .\Objects\key.obj
COMPILER INVOKED BY: E:\keil5\C51\BIN\C51.EXE key.c OPTIMIZE(8,SPEED) BROWSE DEBUG OBJECTEXTEND PRINT(.\Listings\key.lst
                    -) TABS(2) OBJECT(.\Objects\key.obj)

line level    source

   1          #include <REGX52.H>
   2          #include "Delay.h"
   3          /**
   4            * @brief  获取独立按键键码
   5            * @param  无
   6            * @retval  按下按键键码，0~4，无按下返回0
   7            */
   8          unsigned char Key(){
   9   1        unsigned char KeyNumber=0;
  10   1        if(P3_1==0){Delay(20); while(P3_1==0);Delay(20);KeyNumber=1;}
  11   1        if(P3_0==0){Delay(20); while(P3_0==0);Delay(20);KeyNumber=2;}
  12   1        if(P3_2==0){Delay(20); while(P3_2==0);Delay(20);KeyNumber=3;}
  13   1        if(P3_3==0){Delay(20); while(P3_3==0);Delay(20);KeyNumber=4;}
  14   1        
  15   1        return KeyNumber;
  16   1      }
  17          


MODULE INFORMATION:   STATIC OVERLAYABLE
   CODE SIZE        =     97    ----
   CONSTANT SIZE    =   ----    ----
   XDATA SIZE       =   ----    ----
   PDATA SIZE       =   ----    ----
   DATA SIZE        =   ----       1
   IDATA SIZE       =   ----    ----
   BIT SIZE         =   ----    ----
END OF MODULE INFORMATION.


C51 COMPILATION COMPLETE.  0 WARNING(S),  0 ERROR(S)
